{
A00000: ['admin', 5555, 100000],
#22333: ['', %800, 100000],
}
